<testsuites name="jest tests" tests="1" failures="0" time="0.063">
  <testsuite name="undefined" errors="0" failures="0" skipped="0" timestamp="2018-06-12T03:55:00" time="0.054" tests="1">
    <testcase classname=" renders without crashing" name=" renders without crashing" time="0.003">
    </testcase>
  </testsuite>
</testsuites>